[cdn.livedemo00.template-help.com_82/wt_40305/index.html]
[backblue.gif]
[fade.gif]
[index.html]
[cdn.livedemo00.template-help.com_82/wt_40305/images/favicon.ico]
[cdn.livedemo00.template-help.com_82/wt_40305/css/style.css]
[cdn.livedemo00.template-help.com_82/wt_40305/css/demo.css]
[cdn.livedemo00.template-help.com_82/wt_40305/index-2.html]
[cdn.livedemo00.template-help.com_82/wt_40305/index-1.html]
[cdn.livedemo00.template-help.com_82/wt_40305/more.html]
[cdn.livedemo00.template-help.com_82/wt_40305/index-3.html]
[cdn.livedemo00.template-help.com_82/wt_40305/index-4.html]
[cdn.livedemo00.template-help.com_82/wt_40305/index-5.html]
[cdn.livedemo00.template-help.com_82/wt_40305/index-6.html]
[cdn.livedemo00.template-help.com_82/wt_40305/images/head.png]
[cdn.livedemo00.template-help.com_82/wt_40305/images/bg-15.png]
[cdn.livedemo00.template-help.com_82/wt_40305/images/page1-img1.png]
[cdn.livedemo00.template-help.com_82/wt_40305/images/page1-img2.jpg]
[cdn.livedemo00.template-help.com_82/wt_40305/images/marker2.png]
[cdn.livedemo00.template-help.com_82/wt_40305/index-7.html]
[cdn.livedemo00.template-help.com_82/wt_40305/index.html]
[cdn.livedemo00.template-help.com_82/wt_40305/css/reset.css]
[cdn.livedemo00.template-help.com_82/wt_40305/css/grid.css]
[cdn.livedemo00.template-help.com_82/wt_40305/css/pro_pages_style.css]
[cdn.livedemo00.template-help.com_82/wt_40305/css/forms.css]
[cdn.livedemo00.template-help.com_82/wt_40305/css/prettyPhoto.css]
[cdn.livedemo00.template-help.com_82/wt_40305/css/jquery.snippet.min.css]
[cdn.livedemo00.template-help.com_82/wt_40305/css/ui.totop.css]
[cdn.livedemo00.template-help.com_82/wt_40305/skin/blue.monday/jplayer.blue.monday.css]
[cdn.livedemo00.template-help.com_82/wt_40305/css/smoothness/jquery-ui-1.8.17.custom.css]
[cdn.livedemo00.template-help.com_82/wt_40305/images/logo.png]
[cdn.livedemo00.template-help.com_82/wt_40305/images/header-bg.gif]
[cdn.livedemo00.template-help.com_82/wt_40305/images/head-bg1.png]
[cdn.livedemo00.template-help.com_82/wt_40305/images/divider1.png]
[cdn.livedemo00.template-help.com_82/wt_40305/images/menu-bg-hov.gif]
[cdn.livedemo00.template-help.com_82/wt_40305/images/menu2-bg-hov.gif]
[cdn.livedemo00.template-help.com_82/wt_40305/images/menu2-bg.gif]
[cdn.livedemo00.template-help.com_82/wt_40305/images/header-bg3.gif]
[cdn.livedemo00.template-help.com_82/wt_40305/images/header-bg1.png]
[cdn.livedemo00.template-help.com_82/wt_40305/images/marker1.gif]
[cdn.livedemo00.template-help.com_82/wt_40305/images/page1-bg1.gif]
[cdn.livedemo00.template-help.com_82/wt_40305/images/bg3.gif]
[cdn.livedemo00.template-help.com_82/wt_40305/images/button2.gif]
[cdn.livedemo00.template-help.com_82/wt_40305/images/bg2.gif]
[cdn.livedemo00.template-help.com_82/wt_40305/images/border-bot.gif]
[cdn.livedemo00.template-help.com_82/wt_40305/images/marker3.png]
[cdn.livedemo00.template-help.com_82/wt_40305/images/divider2.gif]
[cdn.livedemo00.template-help.com_82/wt_40305/css/style.css]
[cdn.livedemo00.template-help.com_82/wt_40305/images/button1.gif]
[cdn.livedemo00.template-help.com_82/wt_40305/images/pagin_a.png]
[cdn.livedemo00.template-help.com_82/wt_40305/images/pagination-bg.gif]
[cdn.livedemo00.template-help.com_82/wt_40305/css/demo.css]
[cdn.livedemo00.template-help.com_82/wt_40305/js/jquery-1.7.1.min.js]
[cdn.livedemo00.template-help.com_82/wt_40305/404.html]
[cdn.livedemo00.template-help.com_82/wt_40305/under_construction.html]
[cdn.livedemo00.template-help.com_82/wt_40305/intro.html]
[cdn.livedemo00.template-help.com_82/wt_40305/layouts.html]
[cdn.livedemo00.template-help.com_82/wt_40305/typography.html]
[cdn.livedemo00.template-help.com_82/wt_40305/portfolio.html]
[cdn.livedemo00.template-help.com_82/wt_40305/just-slider.html]
[cdn.livedemo00.template-help.com_82/wt_40305/kwicks.html]
[cdn.livedemo00.template-help.com_82/wt_40305/functional-slider.html]
[cdn.livedemo00.template-help.com_82/wt_40305/gallery-page1.html]
[cdn.livedemo00.template-help.com_82/wt_40305/misc.html]
[cdn.livedemo00.template-help.com_82/wt_40305/js/script.js]
[cdn.livedemo00.template-help.com_82/wt_40305/index-2.html]
[cdn.livedemo00.template-help.com_82/wt_40305/css3.html]
[cdn.livedemo00.template-help.com_82/wt_40305/images/page2-img1.jpg]
[cdn.livedemo00.template-help.com_82/wt_40305/images/page2-img2.jpg]
[cdn.livedemo00.template-help.com_82/wt_40305/social_media.html]
[cdn.livedemo00.template-help.com_82/wt_40305/images/page2-img3.jpg]
[cdn.livedemo00.template-help.com_82/wt_40305/images/page2-img4.jpg]
[cdn.livedemo00.template-help.com_82/wt_40305/images/page2-img5.jpg]
[cdn.livedemo00.template-help.com_82/wt_40305/images/page2-img6.jpg]
[cdn.livedemo00.template-help.com_82/wt_40305/images/page2-img7.jpg]
[cdn.livedemo00.template-help.com_82/wt_40305/images/page2-img8.jpg]
[cdn.livedemo00.template-help.com_82/wt_40305/images/page2-img9.jpg]
[cdn.livedemo00.template-help.com_82/wt_40305/images/page2-img10.jpg]
[cdn.livedemo00.template-help.com_82/wt_40305/images/page2-img11.jpg]
[cdn.livedemo00.template-help.com_82/wt_40305/images/page2-img12.jpg]
[cdn.livedemo00.template-help.com_82/wt_40305/images/page2-img13.jpg]
[cdn.livedemo00.template-help.com_82/wt_40305/images/page2-img14.jpg]
[cdn.livedemo00.template-help.com_82/wt_40305/index-1.html]
[cdn.livedemo00.template-help.com_82/wt_40305/more.html]
[cdn.livedemo00.template-help.com_82/wt_40305/index-3.html]
[cdn.livedemo00.template-help.com_82/wt_40305/images/page4-img1.jpg]
[cdn.livedemo00.template-help.com_82/wt_40305/images/page4-img2.jpg]
[cdn.livedemo00.template-help.com_82/wt_40305/images/page4-img3.jpg]
[cdn.livedemo00.template-help.com_82/wt_40305/images/page4-img4.jpg]
[cdn.livedemo00.template-help.com_82/wt_40305/index-4.html]
[cdn.livedemo00.template-help.com_82/wt_40305/images/page5-img1.jpg]
[cdn.livedemo00.template-help.com_82/wt_40305/images/page5-img5.jpg]
[cdn.livedemo00.template-help.com_82/wt_40305/images/page5-img2.jpg]
[cdn.livedemo00.template-help.com_82/wt_40305/images/page5-img6.jpg]
[cdn.livedemo00.template-help.com_82/wt_40305/images/page5-img3.jpg]
[cdn.livedemo00.template-help.com_82/wt_40305/images/page5-img7.jpg]
[cdn.livedemo00.template-help.com_82/wt_40305/images/page5-img4.jpg]
[cdn.livedemo00.template-help.com_82/wt_40305/images/page5-img8.jpg]
[cdn.livedemo00.template-help.com_82/wt_40305/index-5.html]
[cdn.livedemo00.template-help.com_82/wt_40305/index-6.html]
[cdn.livedemo00.template-help.com_82/wt_40305/index-7.html]
[cdn.livedemo00.template-help.com_82/wt_40305/css/reset.css]
[cdn.livedemo00.template-help.com_82/wt_40305/images/pro_images/radio.png]
[cdn.livedemo00.template-help.com_82/wt_40305/images/pro_images/bg-banner.png]
[cdn.livedemo00.template-help.com_82/wt_40305/images/pro_images/blockquote.png]
[cdn.livedemo00.template-help.com_82/wt_40305/images/pro_images/quotes2.png]
[cdn.livedemo00.template-help.com_82/wt_40305/images/pro_images/blockquote2.png]
[cdn.livedemo00.template-help.com_82/wt_40305/images/pro_images/description-arrow.png]
[cdn.livedemo00.template-help.com_82/wt_40305/images/pro_images/description-arrow-white.png]
[cdn.livedemo00.template-help.com_82/wt_40305/images/icons/icon-previous.png]
[cdn.livedemo00.template-help.com_82/wt_40305/images/icons/icon-next.png]
[cdn.livedemo00.template-help.com_82/wt_40305/images/icons/icons-light.png]
[cdn.livedemo00.template-help.com_82/wt_40305/images/icons/icons-color.png]
[cdn.livedemo00.template-help.com_82/wt_40305/images/icons/icons-dark.png]
[cdn.livedemo00.template-help.com_82/wt_40305/images/pro_images/ul_list1_marker.png]
[cdn.livedemo00.template-help.com_82/wt_40305/images/pro_images/ul_list2_marker.png]
[cdn.livedemo00.template-help.com_82/wt_40305/images/pro_images/full-width.png]
[cdn.livedemo00.template-help.com_82/wt_40305/images/pro_images/layouts-img2.png]
[cdn.livedemo00.template-help.com_82/wt_40305/images/pro_images/layouts-img3.png]
[cdn.livedemo00.template-help.com_82/wt_40305/images/pro_images/layouts-img4.png]
[cdn.livedemo00.template-help.com_82/wt_40305/images/pro_images/layouts-img6.png]
[cdn.livedemo00.template-help.com_82/wt_40305/images/pro_images/layouts-img5.png]
[cdn.livedemo00.template-help.com_82/wt_40305/images/pro_images/layouts-img7.png]
[cdn.livedemo00.template-help.com_82/wt_40305/images/pro_images/layouts-img8.png]
[cdn.livedemo00.template-help.com_82/wt_40305/images/pro_images/table1.png]
[cdn.livedemo00.template-help.com_82/wt_40305/images/pro_images/table2.png]
[cdn.livedemo00.template-help.com_82/wt_40305/images/pro_images/table3.png]
[cdn.livedemo00.template-help.com_82/wt_40305/images/pro_images/table4.png]
[cdn.livedemo00.template-help.com_82/wt_40305/images/pro_images/portfolio-1col.png]
[cdn.livedemo00.template-help.com_82/wt_40305/images/pro_images/portfolio-2col.png]
[cdn.livedemo00.template-help.com_82/wt_40305/images/pro_images/portfolio-2col+capt.png]
[cdn.livedemo00.template-help.com_82/wt_40305/images/pro_images/portfolio-3col.png]
[cdn.livedemo00.template-help.com_82/wt_40305/images/pro_images/portfolio-3col+capt.png]
[cdn.livedemo00.template-help.com_82/wt_40305/images/pro_images/portfolio-4col.png]
[cdn.livedemo00.template-help.com_82/wt_40305/images/pro_images/portfolio-4col+capt.png]
[cdn.livedemo00.template-help.com_82/wt_40305/images/stock_images/120x120_1.jpg]
[cdn.livedemo00.template-help.com_82/wt_40305/images/stock_images/120x120_2.jpg]
[cdn.livedemo00.template-help.com_82/wt_40305/images/stock_images/120x120_3.jpg]
[cdn.livedemo00.template-help.com_82/wt_40305/images/stock_images/120x120_4.jpg]
[cdn.livedemo00.template-help.com_82/wt_40305/images/stock_images/120x120_5.jpg]
[cdn.livedemo00.template-help.com_82/wt_40305/images/stock_images/120x120_6.jpg]
[cdn.livedemo00.template-help.com_82/wt_40305/images/stock_images/120x120_7.jpg]
[cdn.livedemo00.template-help.com_82/wt_40305/images/stock_images/120x120_8.jpg]
[cdn.livedemo00.template-help.com_82/wt_40305/images/icons/csg-4f3bc7207ae9d.png]
[cdn.livedemo00.template-help.com_82/wt_40305/images/icons/twitter_bird_2.png]
[cdn.livedemo00.template-help.com_82/wt_40305/images/icons/glyphicons_207_remove_2.png]
[cdn.livedemo00.template-help.com_82/wt_40305/images/pro_images/misc-plus.png]
[cdn.livedemo00.template-help.com_82/wt_40305/images/pro_images/misc-minus.png]
[cdn.livedemo00.template-help.com_82/wt_40305/images/pro_images/right_arrow.png]
[cdn.livedemo00.template-help.com_82/wt_40305/images/pro_images/magnifying-glass.png]
[cdn.livedemo00.template-help.com_82/wt_40305/images/icons/play_video.png]
[cdn.livedemo00.template-help.com_82/wt_40305/fonts/icomoon-webfont.eot]
[cdn.livedemo00.template-help.com_82/wt_40305/fonts/icomoon-webfont.woff]
[cdn.livedemo00.template-help.com_82/wt_40305/fonts/icomoon-webfontd41d.eot]
[cdn.livedemo00.template-help.com_82/wt_40305/fonts/icomoon-webfont.ttf]
[cdn.livedemo00.template-help.com_82/wt_40305/fonts/icomoonsocial-webfont.eot]
[cdn.livedemo00.template-help.com_82/wt_40305/fonts/icomoonsocial-webfont.woff]
[cdn.livedemo00.template-help.com_82/wt_40305/fonts/icomoonsocial-webfontd41d.eot]
[cdn.livedemo00.template-help.com_82/wt_40305/fonts/icomoonsocial-webfont.ttf]
[cdn.livedemo00.template-help.com_82/wt_40305/images/pro_images/panel_bg.png]
[cdn.livedemo00.template-help.com_82/wt_40305/images/pro_images/pro-logo.png]
[cdn.livedemo00.template-help.com_82/wt_40305/images/pro_images/pro_button.png]
[cdn.livedemo00.template-help.com_82/wt_40305/images/pro_images/plus-minus.png]
[cdn.livedemo00.template-help.com_82/wt_40305/images/pro_images/pro_menu_arrow.png]
[cdn.livedemo00.template-help.com_82/wt_40305/images/pro_images/pro_submenu2.png]
[cdn.livedemo00.template-help.com_82/wt_40305/images/pro_images/pro_submenu.png]
[cdn.livedemo00.template-help.com_82/wt_40305/css/pro_pages_style.css]
[cdn.livedemo00.template-help.com_82/wt_40305/css/grid.css]
[cdn.livedemo00.template-help.com_82/wt_40305/images/pro_images/select.png]
[cdn.livedemo00.template-help.com_82/wt_40305/images/pro_images/checkbox.png]
[cdn.livedemo00.template-help.com_82/wt_40305/css/forms.css]
[cdn.livedemo00.template-help.com_82/wt_40305/images/prettyPhoto/facebook/sprite.png]
[cdn.livedemo00.template-help.com_82/wt_40305/images/prettyPhoto/facebook/contentPatternTop.png]
[cdn.livedemo00.template-help.com_82/wt_40305/images/prettyPhoto/facebook/contentPatternLeft.png]
[cdn.livedemo00.template-help.com_82/wt_40305/images/prettyPhoto/facebook/contentPatternRight.png]
[cdn.livedemo00.template-help.com_82/wt_40305/images/prettyPhoto/facebook/loader.gif]
[cdn.livedemo00.template-help.com_82/wt_40305/images/prettyPhoto/facebook/btnNext.png]
[cdn.livedemo00.template-help.com_82/wt_40305/images/prettyPhoto/facebook/btnPrevious.png]
[cdn.livedemo00.template-help.com_82/wt_40305/images/prettyPhoto/facebook/contentPatternBottom.png]
[cdn.livedemo00.template-help.com_82/wt_40305/images/prettyPhoto/facebook/default_thumbnail.gif]
[cdn.livedemo00.template-help.com_82/wt_40305/images/prettyPhoto/light_rounded/btnNext.png]
[cdn.livedemo00.template-help.com_82/wt_40305/images/prettyPhoto/light_rounded/loader.gif]
[cdn.livedemo00.template-help.com_82/wt_40305/images/prettyPhoto/dark_rounded/contentPattern.png]
[cdn.livedemo00.template-help.com_82/wt_40305/css/prettyPhoto.css]
[cdn.livedemo00.template-help.com_82/wt_40305/images/icons/text_html.png]
[cdn.livedemo00.template-help.com_82/wt_40305/images/icons/pop_up.png]
[cdn.livedemo00.template-help.com_82/wt_40305/images/icons/copy.png]
[cdn.livedemo00.template-help.com_82/wt_40305/css/jquery.snippet.min.css]
[cdn.livedemo00.template-help.com_82/wt_40305/images/ui.totop.png]
[cdn.livedemo00.template-help.com_82/wt_40305/css/ui.totop.css]
[cdn.livedemo00.template-help.com_82/wt_40305/skin/blue.monday/jplayer.blue.monday.jpg]
[cdn.livedemo00.template-help.com_82/wt_40305/skin/blue.monday/jplayer.blue.monday.seeking.gif]
[cdn.livedemo00.template-help.com_82/wt_40305/skin/blue.monday/jplayer.blue.monday.video.play.png]
[cdn.livedemo00.template-help.com_82/wt_40305/skin/blue.monday/jplayer.blue.monday.css]
[cdn.livedemo00.template-help.com_82/wt_40305/css/smoothness/images/ui-bg_flat_75_ffffff_40x100.png]
[cdn.livedemo00.template-help.com_82/wt_40305/css/smoothness/images/ui-bg_highlight-soft_75_cccccc_1x100.png]
[cdn.livedemo00.template-help.com_82/wt_40305/css/smoothness/images/ui-bg_glass_75_e6e6e6_1x400.png]
[cdn.livedemo00.template-help.com_82/wt_40305/css/smoothness/images/ui-bg_glass_75_dadada_1x400.png]
[cdn.livedemo00.template-help.com_82/wt_40305/css/smoothness/images/ui-bg_glass_65_ffffff_1x400.png]
[cdn.livedemo00.template-help.com_82/wt_40305/css/smoothness/images/ui-bg_glass_55_fbf9ee_1x400.png]
[cdn.livedemo00.template-help.com_82/wt_40305/css/smoothness/images/ui-bg_glass_95_fef1ec_1x400.png]
[cdn.livedemo00.template-help.com_82/wt_40305/css/smoothness/images/ui-icons_222222_256x240.png]
[cdn.livedemo00.template-help.com_82/wt_40305/css/smoothness/images/ui-icons_888888_256x240.png]
[cdn.livedemo00.template-help.com_82/wt_40305/css/smoothness/images/ui-icons_454545_256x240.png]
[cdn.livedemo00.template-help.com_82/wt_40305/css/smoothness/images/ui-icons_2e83ff_256x240.png]
[cdn.livedemo00.template-help.com_82/wt_40305/css/smoothness/images/ui-icons_cd0a0a_256x240.png]
[cdn.livedemo00.template-help.com_82/wt_40305/css/smoothness/images/ui-bg_flat_0_aaaaaa_40x100.png]
[cdn.livedemo00.template-help.com_82/wt_40305/css/smoothness/jquery-ui-1.8.17.custom.css]
[cdn.livedemo00.template-help.com_82/wt_40305/images/header-bg1.html]
[cdn.livedemo00.template-help.com_82/wt_40305/images/pagination-bg.html]
[cdn.livedemo00.template-help.com_82/wt_40305/js/superfish.js]
[cdn.livedemo00.template-help.com_82/wt_40305/js/jquery.hoverIntent.minified.js]
[cdn.livedemo00.template-help.com_82/wt_40305/js/tms-0.4.1.js]
[cdn.livedemo00.template-help.com_82/wt_40305/js/uCarousel.js]
[cdn.livedemo00.template-help.com_82/wt_40305/js/jquery.easing.1.3.js]
[cdn.livedemo00.template-help.com_82/wt_40305/js/jquery.tools.min.js]
[cdn.livedemo00.template-help.com_82/wt_40305/js/jquery.jqtransform.js]
[cdn.livedemo00.template-help.com_82/wt_40305/js/jquery.quicksand.js]
[cdn.livedemo00.template-help.com_82/wt_40305/js/GET]
[cdn.livedemo00.template-help.com_82/wt_40305/js/jquery.snippet.min.js]
[cdn.livedemo00.template-help.com_82/wt_40305/js/jquery-ui-1.8.17.custom.min.js]
[cdn.livedemo00.template-help.com_82/wt_40305/js/jquery.cycle.all.min.js]
[cdn.livedemo00.template-help.com_82/wt_40305/js/jquery.cookie.js]
[cdn.livedemo00.template-help.com_82/wt_40305/js/jquery.ui.totop.js]
[cdn.livedemo00.template-help.com_82/wt_40305/js/jquery.tweet.js]
[cdn.livedemo00.template-help.com_82/wt_40305/js/jquery.prettyPhoto.js]
[cdn.livedemo00.template-help.com_82/wt_40305/js/forms.js]
[cdn.livedemo00.template-help.com_82/wt_40305/js/kwicks-1.5.1.pack.js]
[cdn.livedemo00.template-help.com_82/wt_40305/js/jquery.countdown.min.js]
[cdn.livedemo00.template-help.com_82/wt_40305/js/jquery.atooltip.pack.js]
[cdn.livedemo00.template-help.com_82/wt_40305/images/404.jpg]
[cdn.livedemo00.template-help.com_82/wt_40305/404.html]
[cdn.livedemo00.template-help.com_82/wt_40305/js/youtu.be/index.html]
[apis.google.com/js/plusone.js]
[connect.facebook.net/en_US/all.js]
[cdn.livedemo00.template-help.com_82/wt_40305/images/pro_images/constr_icon1.png]
[cdn.livedemo00.template-help.com_82/wt_40305/images/pro_images/constr_icon2.png]
[cdn.livedemo00.template-help.com_82/wt_40305/images/pro_images/constr_icon3.png]
[cdn.livedemo00.template-help.com_82/wt_40305/under_construction.html]
[cdn.livedemo00.template-help.com_82/wt_40305/intro.html]
[platform.twitter.com/widgets.js]
[cdn.livedemo00.template-help.com_82/wt_40305/images/stock_images/70x70_3.jpg]
[cdn.livedemo00.template-help.com_82/wt_40305/images/stock_images/200x150_1.jpg]
[cdn.livedemo00.template-help.com_82/wt_40305/images/stock_images/200x150_2.jpg]
[cdn.livedemo00.template-help.com_82/wt_40305/images/stock_images/200x150_3.jpg]
[cdn.livedemo00.template-help.com_82/wt_40305/images/stock_images/200x150_4.jpg]
[cdn.livedemo00.template-help.com_82/wt_40305/layouts.html]
[cdn.livedemo00.template-help.com_82/wt_40305/images/pro_images/blockquote3.png]
[cdn.livedemo00.template-help.com_82/wt_40305/typography.html]
[cdn.livedemo00.template-help.com_82/wt_40305/images/stock_images/900x500_2.jpg]
[cdn.livedemo00.template-help.com_82/wt_40305/images/stock_images/280x200_2.jpg]
[cdn.livedemo00.template-help.com_82/wt_40305/images/stock_images/900x500_3.jpg]
[cdn.livedemo00.template-help.com_82/wt_40305/images/stock_images/280x200_3.jpg]
[cdn.livedemo00.template-help.com_82/wt_40305/images/stock_images/900x500_4.jpg]
[cdn.livedemo00.template-help.com_82/wt_40305/images/stock_images/280x200_4.jpg]
[cdn.livedemo00.template-help.com_82/wt_40305/images/stock_images/900x500_5.jpg]
[cdn.livedemo00.template-help.com_82/wt_40305/images/stock_images/280x200_5.jpg]
[cdn.livedemo00.template-help.com_82/wt_40305/images/stock_images/900x500_6.jpg]
[cdn.livedemo00.template-help.com_82/wt_40305/images/stock_images/280x200_6.jpg]
[cdn.livedemo00.template-help.com_82/wt_40305/images/stock_images/900x500_7.jpg]
[cdn.livedemo00.template-help.com_82/wt_40305/images/stock_images/280x200_7.jpg]
[cdn.livedemo00.template-help.com_82/wt_40305/images/stock_images/900x500_8.jpg]
[cdn.livedemo00.template-help.com_82/wt_40305/images/stock_images/280x200_8.jpg]
[cdn.livedemo00.template-help.com_82/wt_40305/images/stock_images/900x500_1.jpg]
[cdn.livedemo00.template-help.com_82/wt_40305/images/stock_images/280x200_1.jpg]
[cdn.livedemo00.template-help.com_82/wt_40305/images/stock_images/200x150_5.jpg]
[cdn.livedemo00.template-help.com_82/wt_40305/images/stock_images/200x150_6.jpg]
[cdn.livedemo00.template-help.com_82/wt_40305/images/stock_images/200x150_7.jpg]
[cdn.livedemo00.template-help.com_82/wt_40305/images/stock_images/200x150_8.jpg]
[cdn.livedemo00.template-help.com_82/wt_40305/images/stock_images/450x300_1.jpg]
[cdn.livedemo00.template-help.com_82/wt_40305/images/stock_images/450x300_2.jpg]
[cdn.livedemo00.template-help.com_82/wt_40305/images/stock_images/450x300_3.jpg]
[cdn.livedemo00.template-help.com_82/wt_40305/images/stock_images/450x300_4.jpg]
[cdn.livedemo00.template-help.com_82/wt_40305/images/stock_images/450x300_5.jpg]
[cdn.livedemo00.template-help.com_82/wt_40305/images/stock_images/450x300_6.jpg]
[cdn.livedemo00.template-help.com_82/wt_40305/images/stock_images/300x200_1.jpg]
[cdn.livedemo00.template-help.com_82/wt_40305/images/stock_images/300x200_2.jpg]
[cdn.livedemo00.template-help.com_82/wt_40305/images/stock_images/300x200_3.jpg]
[cdn.livedemo00.template-help.com_82/wt_40305/images/stock_images/300x200_4.jpg]
[cdn.livedemo00.template-help.com_82/wt_40305/portfolio.html]
[cdn.livedemo00.template-help.com_82/wt_40305/just-slider.html]
[cdn.livedemo00.template-help.com_82/wt_40305/kwicks.html]
[cdn.livedemo00.template-help.com_82/wt_40305/images/stock_images/700x430_4.jpg]
[cdn.livedemo00.template-help.com_82/wt_40305/images/stock_images/700x430_2.jpg]
[cdn.livedemo00.template-help.com_82/wt_40305/images/stock_images/700x430_3.jpg]
[cdn.livedemo00.template-help.com_82/wt_40305/functional-slider.html]
[cdn.livedemo00.template-help.com_82/wt_40305/images/stock_images/70x70_2.jpg]
[cdn.livedemo00.template-help.com_82/wt_40305/images/stock_images/70x70_4.jpg]
[cdn.livedemo00.template-help.com_82/wt_40305/images/stock_images/70x70_5.jpg]
[cdn.livedemo00.template-help.com_82/wt_40305/images/stock_images/70x70_6.jpg]
[cdn.livedemo00.template-help.com_82/wt_40305/images/stock_images/70x70_7.jpg]
[cdn.livedemo00.template-help.com_82/wt_40305/images/stock_images/70x70_8.jpg]
[cdn.livedemo00.template-help.com_82/wt_40305/images/stock_images/70x70_1.jpg]
[cdn.livedemo00.template-help.com_82/wt_40305/gallery-page1.html]
[cdn.livedemo00.template-help.com_82/wt_40305/misc.html]
[cdn.livedemo00.template-help.com_82/wt_40305/images/icons/delicious.png]
[cdn.livedemo00.template-help.com_82/wt_40305/images/icons/email.png]
[cdn.livedemo00.template-help.com_82/wt_40305/images/icons/facebook.png]
[cdn.livedemo00.template-help.com_82/wt_40305/images/icons/feed.png]
[cdn.livedemo00.template-help.com_82/wt_40305/images/icons/flickr.png]
[cdn.livedemo00.template-help.com_82/wt_40305/images/icons/linkedin.png]
[cdn.livedemo00.template-help.com_82/wt_40305/images/icons/stumble.png]
[cdn.livedemo00.template-help.com_82/wt_40305/images/icons/tripadvisor.png]
[cdn.livedemo00.template-help.com_82/wt_40305/images/icons/twitter.png]
[cdn.livedemo00.template-help.com_82/wt_40305/images/icons/vimeo.png]
[cdn.livedemo00.template-help.com_82/wt_40305/images/icons/youtube.png]
[cdn.livedemo00.template-help.com_82/wt_40305/images/icons/20x20/AIM.png]
[cdn.livedemo00.template-help.com_82/wt_40305/images/icons/20x20/Apple.png]
[cdn.livedemo00.template-help.com_82/wt_40305/images/icons/20x20/Blogger.png]
[cdn.livedemo00.template-help.com_82/wt_40305/images/icons/20x20/Delicious.png]
[cdn.livedemo00.template-help.com_82/wt_40305/images/icons/20x20/Digg.png]
[cdn.livedemo00.template-help.com_82/wt_40305/images/icons/20x20/Dopplr.png]
[cdn.livedemo00.template-help.com_82/wt_40305/images/icons/20x20/Evernote.png]
[cdn.livedemo00.template-help.com_82/wt_40305/images/icons/20x20/Facebook.png]
[cdn.livedemo00.template-help.com_82/wt_40305/images/icons/20x20/Flickr.png]
[cdn.livedemo00.template-help.com_82/wt_40305/images/icons/20x20/Google.png]
[cdn.livedemo00.template-help.com_82/wt_40305/images/icons/20x20/Linkedin.png]
[cdn.livedemo00.template-help.com_82/wt_40305/images/icons/20x20/Mail.png]
[cdn.livedemo00.template-help.com_82/wt_40305/images/icons/20x20/MobileMe.png]
[cdn.livedemo00.template-help.com_82/wt_40305/images/icons/20x20/MySpace.png]
[cdn.livedemo00.template-help.com_82/wt_40305/images/icons/20x20/Picasa.png]
[cdn.livedemo00.template-help.com_82/wt_40305/images/icons/20x20/RSS.png]
[cdn.livedemo00.template-help.com_82/wt_40305/images/icons/20x20/Skype.png]
[cdn.livedemo00.template-help.com_82/wt_40305/images/icons/20x20/Stumble_Upon.png]
[cdn.livedemo00.template-help.com_82/wt_40305/images/icons/20x20/Technorati.png]
[cdn.livedemo00.template-help.com_82/wt_40305/images/icons/20x20/Twitter.png]
[cdn.livedemo00.template-help.com_82/wt_40305/images/icons/20x20/Vimeo.png]
[cdn.livedemo00.template-help.com_82/wt_40305/images/icons/20x20/Windows.png]
[cdn.livedemo00.template-help.com_82/wt_40305/images/icons/20x20/Yahoo.png]
[cdn.livedemo00.template-help.com_82/wt_40305/images/icons/20x20/Youtube.png]
[cdn.livedemo00.template-help.com_82/wt_40305/images/icons/35x35/blip.png]
[cdn.livedemo00.template-help.com_82/wt_40305/images/icons/35x35/facebook.png]
[cdn.livedemo00.template-help.com_82/wt_40305/images/icons/35x35/flickr.png]
[cdn.livedemo00.template-help.com_82/wt_40305/images/icons/35x35/lastfm.png]
[cdn.livedemo00.template-help.com_82/wt_40305/images/icons/35x35/linkedin.png]
[cdn.livedemo00.template-help.com_82/wt_40305/images/icons/35x35/myspace.png]
[cdn.livedemo00.template-help.com_82/wt_40305/images/icons/35x35/picasa.png]
[cdn.livedemo00.template-help.com_82/wt_40305/images/icons/35x35/rss.png]
[cdn.livedemo00.template-help.com_82/wt_40305/images/icons/35x35/tumblr.png]
[cdn.livedemo00.template-help.com_82/wt_40305/images/icons/35x35/twitter.png]
[cdn.livedemo00.template-help.com_82/wt_40305/images/icons/35x35/vimeo.png]
[cdn.livedemo00.template-help.com_82/wt_40305/images/icons/35x35/wordpress.png]
[cdn.livedemo00.template-help.com_82/wt_40305/images/icons/35x35/yt.png]
[cdn.livedemo00.template-help.com_82/wt_40305/images/icons/medium/delicious.png]
[cdn.livedemo00.template-help.com_82/wt_40305/images/icons/medium/aim.png]
[cdn.livedemo00.template-help.com_82/wt_40305/images/icons/medium/facebook.png]
[cdn.livedemo00.template-help.com_82/wt_40305/images/icons/medium/rss.png]
[cdn.livedemo00.template-help.com_82/wt_40305/images/icons/medium/flickr.png]
[cdn.livedemo00.template-help.com_82/wt_40305/images/icons/medium/linkedin.png]
[cdn.livedemo00.template-help.com_82/wt_40305/images/icons/medium/stumbleupon.png]
[cdn.livedemo00.template-help.com_82/wt_40305/images/icons/medium/google.png]
[cdn.livedemo00.template-help.com_82/wt_40305/images/icons/medium/twitter.png]
[cdn.livedemo00.template-help.com_82/wt_40305/images/icons/medium/vimeo.png]
[cdn.livedemo00.template-help.com_82/wt_40305/images/icons/medium/picasa.png]
[cdn.livedemo00.template-help.com_82/wt_40305/images/icons/medium/reddit.png]
[cdn.livedemo00.template-help.com_82/wt_40305/images/icons/medium/skype.png]
[cdn.livedemo00.template-help.com_82/wt_40305/images/icons/medium/technorati.png]
[cdn.livedemo00.template-help.com_82/wt_40305/images/icons/40x40/delicious_small.png]
[cdn.livedemo00.template-help.com_82/wt_40305/images/icons/40x40/digg_small.png]
[cdn.livedemo00.template-help.com_82/wt_40305/images/icons/40x40/facebook_small.png]
[cdn.livedemo00.template-help.com_82/wt_40305/images/icons/40x40/flickr_small.png]
[cdn.livedemo00.template-help.com_82/wt_40305/images/icons/40x40/lastfm_small.png]
[cdn.livedemo00.template-help.com_82/wt_40305/images/icons/40x40/linkedin_small.png]
[cdn.livedemo00.template-help.com_82/wt_40305/images/icons/40x40/myspace_small.png]
[cdn.livedemo00.template-help.com_82/wt_40305/images/icons/40x40/rss_small.png]
[cdn.livedemo00.template-help.com_82/wt_40305/images/icons/40x40/stumbleupon_small.png]
[cdn.livedemo00.template-help.com_82/wt_40305/images/icons/40x40/technorati_small.png]
[cdn.livedemo00.template-help.com_82/wt_40305/images/icons/40x40/twitter_small.png]
[cdn.livedemo00.template-help.com_82/wt_40305/images/icons/40x40/vimeo_small.png]
[cdn.livedemo00.template-help.com_82/wt_40305/images/icons/40x40/youtube_small.png]
[cdn.livedemo00.template-help.com_82/wt_40305/images/icons/big/delicious.png]
[cdn.livedemo00.template-help.com_82/wt_40305/images/icons/big/facebook.png]
[cdn.livedemo00.template-help.com_82/wt_40305/images/icons/big/rss.png]
[cdn.livedemo00.template-help.com_82/wt_40305/images/icons/big/flickr.png]
[cdn.livedemo00.template-help.com_82/wt_40305/images/icons/big/furl.png]
[cdn.livedemo00.template-help.com_82/wt_40305/images/icons/big/stumbleupon.png]
[cdn.livedemo00.template-help.com_82/wt_40305/images/icons/big/reddit.png]
[cdn.livedemo00.template-help.com_82/wt_40305/images/icons/big/twitter.png]
[cdn.livedemo00.template-help.com_82/wt_40305/images/icons/big/yahoo.png]
[cdn.livedemo00.template-help.com_82/wt_40305/images/icons/big/technorati.png]
[cdn.livedemo00.template-help.com_82/wt_40305/images/icons/big/youtube.png]
[cdn.livedemo00.template-help.com_82/wt_40305/images/icons/55x55_2/delicious.png]
[cdn.livedemo00.template-help.com_82/wt_40305/images/icons/55x55_2/facebook.png]
[cdn.livedemo00.template-help.com_82/wt_40305/images/icons/55x55_2/flickr.png]
[cdn.livedemo00.template-help.com_82/wt_40305/images/icons/55x55_2/foursquare.png]
[cdn.livedemo00.template-help.com_82/wt_40305/images/icons/55x55_2/google_buzz.png]
[cdn.livedemo00.template-help.com_82/wt_40305/images/icons/55x55_2/rss.png]
[cdn.livedemo00.template-help.com_82/wt_40305/images/icons/55x55_2/stumbleupon.png]
[cdn.livedemo00.template-help.com_82/wt_40305/images/icons/55x55_2/tumblr.png]
[cdn.livedemo00.template-help.com_82/wt_40305/images/icons/55x55_2/technorati.png]
[cdn.livedemo00.template-help.com_82/wt_40305/images/icons/55x55_2/twitter.png]
[cdn.livedemo00.template-help.com_82/wt_40305/social_media.html]
[cdn.livedemo00.template-help.com_82/wt_40305/images/stock_images/300x200_5.jpg]
[cdn.livedemo00.template-help.com_82/wt_40305/images/stock_images/300x200_6.jpg]
[cdn.livedemo00.template-help.com_82/wt_40305/images/stock_images/300x200_7.jpg]
[cdn.livedemo00.template-help.com_82/wt_40305/images/stock_images/300x200_8.jpg]
[cdn.livedemo00.template-help.com_82/wt_40305/css3.html]
[cdn.livedemo00.template-help.com_82/wt_40305/images/prettyPhoto/light_rounded/btnNext.html]
[cdn.livedemo00.template-help.com_82/wt_40305/images/prettyPhoto/light_rounded/loader.html]
[cdn.livedemo00.template-help.com_82/wt_40305/images/prettyPhoto/dark_rounded/contentPattern.html]
[cdn.livedemo00.template-help.com_82/wt_40305/css/smoothness/images/ui-icons_2e83ff_256x240.html]
[cdn.livedemo00.template-help.com_82/wt_40305/css/smoothness/images/ui-icons_cd0a0a_256x240.html]
[cdn.livedemo00.template-help.com_82/wt_40305/js/GET.html]
[cdn.livedemo00.template-help.com_82/wt_40305/js/youtu.be/index.html]
[connect.facebook.net/en_US/all.js]
[cdn.livedemo00.template-help.com_82/wt_40305/ABCDEFGHIJKLMNOPQRSTUVWXYZabcdefghijklmnopqrstuvwxyz0123456789+/index.html]
[cdn.livedemo00.template-help.com_82/wt_40305/js/flashobject.js]
[cdn.livedemo00.template-help.com_82/wt_40305/js/jquery.jplayer.min.js]
[cdn.livedemo00.template-help.com_82/wt_40305/js/jplayer.playlist.min.js]
[cdn.livedemo00.template-help.com_82/wt_40305/dialog/index.html]
[cdn.livedemo00.template-help.com_82/wt_40305/ABCDEFGHIJKLMNOPQRSTUVWXYZabcdefghijklmnopqrstuvwxyz0123456789+/index.html]
[cdn.livedemo00.template-help.com_82/wt_40305/dialog/index.html]
